#-----------------------------------------------------------
# Vivado v2022.1 (64-bit)
# SW Build 3526262 on Mon Apr 18 15:47:01 MDT 2022
# IP Build 3524634 on Mon Apr 18 20:55:01 MDT 2022
# Start of session at: Sun Dec 17 03:38:17 2023
# Process ID: 4375
# Current directory: /home/ubuntu/lab_6/lab-wlos_baseline/vivado_only_UART/vvd_caravel_fpga/vvd_caravel_fpga.runs/design_1_axi_uartlite_0_0_synth_1
# Command line: vivado -log design_1_axi_uartlite_0_0.vds -product Vivado -mode batch -messageDb vivado.pb -notrace -source design_1_axi_uartlite_0_0.tcl
# Log file: /home/ubuntu/lab_6/lab-wlos_baseline/vivado_only_UART/vvd_caravel_fpga/vvd_caravel_fpga.runs/design_1_axi_uartlite_0_0_synth_1/design_1_axi_uartlite_0_0.vds
# Journal file: /home/ubuntu/lab_6/lab-wlos_baseline/vivado_only_UART/vvd_caravel_fpga/vvd_caravel_fpga.runs/design_1_axi_uartlite_0_0_synth_1/vivado.jou
# Running On: ubuntu2004, OS: Linux, CPU Frequency: 2496.000 MHz, CPU Physical cores: 2, Host memory: 10425 MB
#-----------------------------------------------------------
source design_1_axi_uartlite_0_0.tcl -notrace
