
Memory Configuration

Name             Origin             Length             Attributes
vexriscv_debug   0x00000000f00f0000 0x0000000000000100
dff              0x0000000000000000 0x0000000000000400
dff2             0x0000000000000400 0x0000000000000200
flash            0x0000000010000000 0x0000000001000000
mprj             0x0000000030000000 0x0000000000100000
mprjram          0x0000000038000000 0x0000000000000200
mprj_user_data   0x0000000038000200 0x0000000000000200
hk               0x0000000026000000 0x0000000000100000
csr              0x00000000f0000000 0x0000000000010000
*default*        0x0000000000000000 0xffffffffffffffff

Linker script and memory map

                0x0000000000000000                __DYNAMIC = 0x0

.text           0x0000000010000000      0x160
                0x0000000010000000                _ftext = .
 *crt0*(.text)
 .text          0x0000000010000000      0x154 counter_la_final.elf-crt0_vex.o
                0x0000000010000000                _start
                0x0000000010000020                trap_entry
 *crt0*(.text)
 *(.text.isr)
                0x0000000010000154                _etext = .
 .text          0x0000000010000154        0xc counter_la_final.elf-isr.o
                0x0000000010000154                isr
 .text          0x0000000010000160        0x0 counter_la_final.elf-qsort.o
 .text          0x0000000010000160        0x0 counter_la_final.elf-counter_la_final.o

.text.startup   0x0000000010000160      0x1d4
 .text.startup  0x0000000010000160      0x1d4 counter_la_final.elf-counter_la_final.o
                0x0000000010000160                main

.rela.dyn       0x0000000010000334        0x0
 .rela.text     0x0000000010000334        0x0 counter_la_final.elf-crt0_vex.o

.rodata         0x0000000010000334        0x4
                0x0000000010000338                . = ALIGN (0x8)
 *fill*         0x0000000010000334        0x4 
                0x0000000010000338                _frodata = .
 *(.rodata .rodata.* .gnu.linkonce.r.*)
 *(.rodata1)
                0x0000000010000338                . = ALIGN (0x8)
                0x0000000010000338                _erodata = .

.data           0x0000000038000200       0xd8 load address 0x0000000010000338
                0x0000000038000200                . = ALIGN (0x8)
                0x0000000038000200                _fdata = .
 *(.data .data.* .gnu.linkonce.d.*)
 .data          0x0000000038000200        0x0 counter_la_final.elf-crt0_vex.o
 .data          0x0000000038000200        0x0 counter_la_final.elf-isr.o
 .data          0x0000000038000200       0xd4 counter_la_final.elf-qsort.o
                0x0000000038000200                Target_array
                0x0000000038000228                taps
                0x0000000038000254                A
                0x0000000038000294                B
 .data          0x00000000380002d4        0x0 counter_la_final.elf-counter_la_final.o
 *(.data1)
                0x00000000380002e0                _gp = ALIGN (0x10)
 *(.sdata .sdata.* .gnu.linkonce.s.*)
                0x00000000380002d8                . = ALIGN (0x8)
 *fill*         0x00000000380002d4        0x4 
                0x00000000380002d8                _edata = .

.bss            0x00000000380002d8      0x100 load address 0x0000000010000410
                0x00000000380002d8                . = ALIGN (0x8)
                0x00000000380002d8                _fbss = .
 *(.dynsbss)
 *(.sbss .sbss.* .gnu.linkonce.sb.*)
 *(.scommon)
 *(.dynbss)
 *(.bss .bss.* .gnu.linkonce.b.*)
 .bss           0x00000000380002d8        0x0 counter_la_final.elf-crt0_vex.o
 .bss           0x00000000380002d8        0x0 counter_la_final.elf-isr.o
 .bss           0x00000000380002d8      0x100 counter_la_final.elf-qsort.o
                0x00000000380002d8                x
 .bss           0x00000000380003d8        0x0 counter_la_final.elf-counter_la_final.o
 *(COMMON)
                0x00000000380003d8                . = ALIGN (0x8)
                0x00000000380003d8                _ebss = .
                0x00000000380003d8                _end = .

.mprjram        0x0000000038000000      0x200 load address 0x0000000010000410
                0x0000000038000000                . = ALIGN (0x8)
                0x0000000038000000                _fsram = .
 *libgcc.a:*(.text .text.*)
 .mprjram       0x0000000038000000      0x200 counter_la_final.elf-qsort.o
                0x0000000038000000                partition
                0x0000000038000074                sort
                0x00000000380000d0                qsort
                0x00000000380000f8                initfir
                0x000000003800011c                hardware_accelerator_initialization
                0x00000000380001c0                hardware_accelerator_check_result_FIR
                0x00000000380001cc                hardware_accelerator_check_result_MM
                0x0000000000000600                PROVIDE (_fstack = (ORIGIN (dff2) + LENGTH (dff2)))
                0x0000000010000338                PROVIDE (_fdata_rom = LOADADDR (.data))
                [!provide]                        PROVIDE (_edata_rom = (LOADADDR (.data) + SIZEOF (.data)))
                0x0000000038000200                PROVIDE (_esram = (ORIGIN (mprjram) + SIZEOF (.mprjram)))
                0x0000000010000410                PROVIDE (_esram_rom = LOADADDR (.mprjram))
LOAD counter_la_final.elf-crt0_vex.o
LOAD counter_la_final.elf-isr.o
LOAD counter_la_final.elf-qsort.o
LOAD counter_la_final.elf-counter_la_final.o
LOAD /opt/riscv/lib/gcc/riscv32-unknown-elf/12.1.0/libgcc.a
START GROUP
LOAD /opt/riscv/lib/gcc/riscv32-unknown-elf/12.1.0/../../../../riscv32-unknown-elf/lib/libc.a
LOAD /opt/riscv/lib/gcc/riscv32-unknown-elf/12.1.0/../../../../riscv32-unknown-elf/lib/libgloss.a
END GROUP
LOAD /opt/riscv/lib/gcc/riscv32-unknown-elf/12.1.0/libgcc.a
OUTPUT(counter_la_final.elf elf32-littleriscv)

.riscv.attributes
                0x0000000000000000       0x20
 .riscv.attributes
                0x0000000000000000       0x1e counter_la_final.elf-crt0_vex.o
 .riscv.attributes
                0x000000000000001e       0x20 counter_la_final.elf-isr.o
 .riscv.attributes
                0x000000000000003e       0x1c counter_la_final.elf-qsort.o
 .riscv.attributes
                0x000000000000005a       0x1c counter_la_final.elf-counter_la_final.o

.comment        0x0000000000000000       0x1b
 .comment       0x0000000000000000       0x1b counter_la_final.elf-isr.o
                                         0x1c (size before relaxing)
 .comment       0x000000000000001b       0x1c counter_la_final.elf-qsort.o
 .comment       0x000000000000001b       0x1c counter_la_final.elf-counter_la_final.o

.debug_line     0x0000000000000000      0xc91
 .debug_line    0x0000000000000000      0x204 counter_la_final.elf-crt0_vex.o
 .debug_line    0x0000000000000204       0x76 counter_la_final.elf-isr.o
 .debug_line    0x000000000000027a      0x49f counter_la_final.elf-qsort.o
 .debug_line    0x0000000000000719      0x578 counter_la_final.elf-counter_la_final.o

.debug_line_str
                0x0000000000000000      0x112
 .debug_line_str
                0x0000000000000000       0x7e counter_la_final.elf-crt0_vex.o
 .debug_line_str
                0x000000000000007e       0x1f counter_la_final.elf-isr.o
                                        0x102 (size before relaxing)
 .debug_line_str
                0x000000000000009d       0x62 counter_la_final.elf-qsort.o
                                        0x13a (size before relaxing)
 .debug_line_str
                0x00000000000000ff       0x13 counter_la_final.elf-counter_la_final.o
                                        0x144 (size before relaxing)

.debug_info     0x0000000000000000      0x4a3
 .debug_info    0x0000000000000000       0x25 counter_la_final.elf-crt0_vex.o
 .debug_info    0x0000000000000025       0xb4 counter_la_final.elf-isr.o
 .debug_info    0x00000000000000d9      0x2c4 counter_la_final.elf-qsort.o
 .debug_info    0x000000000000039d      0x106 counter_la_final.elf-counter_la_final.o

.debug_abbrev   0x0000000000000000      0x2ac
 .debug_abbrev  0x0000000000000000       0x14 counter_la_final.elf-crt0_vex.o
 .debug_abbrev  0x0000000000000014       0x7f counter_la_final.elf-isr.o
 .debug_abbrev  0x0000000000000093      0x18a counter_la_final.elf-qsort.o
 .debug_abbrev  0x000000000000021d       0x8f counter_la_final.elf-counter_la_final.o

.debug_aranges  0x0000000000000000       0xb0
 .debug_aranges
                0x0000000000000000       0x20 counter_la_final.elf-crt0_vex.o
 .debug_aranges
                0x0000000000000020       0x20 counter_la_final.elf-isr.o
 .debug_aranges
                0x0000000000000040       0x50 counter_la_final.elf-qsort.o
 .debug_aranges
                0x0000000000000090       0x20 counter_la_final.elf-counter_la_final.o

.debug_str      0x0000000000000000      0x202
 .debug_str     0x0000000000000000       0x8a counter_la_final.elf-crt0_vex.o
 .debug_str     0x000000000000008a       0xb7 counter_la_final.elf-isr.o
                                         0xf0 (size before relaxing)
 .debug_str     0x0000000000000141       0xbc counter_la_final.elf-qsort.o
                                        0x1a0 (size before relaxing)
 .debug_str     0x00000000000001fd        0x5 counter_la_final.elf-counter_la_final.o
                                        0x162 (size before relaxing)

.debug_loclists
                0x0000000000000000      0x1af
 .debug_loclists
                0x0000000000000000       0x19 counter_la_final.elf-isr.o
 .debug_loclists
                0x0000000000000019      0x168 counter_la_final.elf-qsort.o
 .debug_loclists
                0x0000000000000181       0x2e counter_la_final.elf-counter_la_final.o

.debug_frame    0x0000000000000000      0x104
 .debug_frame   0x0000000000000000       0x20 counter_la_final.elf-isr.o
 .debug_frame   0x0000000000000020       0xb0 counter_la_final.elf-qsort.o
 .debug_frame   0x00000000000000d0       0x34 counter_la_final.elf-counter_la_final.o

.debug_rnglists
                0x0000000000000000       0x62
 .debug_rnglists
                0x0000000000000000       0x4c counter_la_final.elf-qsort.o
 .debug_rnglists
                0x000000000000004c       0x16 counter_la_final.elf-counter_la_final.o
