
Memory Configuration

Name             Origin             Length             Attributes
vexriscv_debug   0x00000000f00f0000 0x0000000000000100
dff              0x0000000000000000 0x0000000000000400
dff2             0x0000000000000400 0x0000000000000200
flash            0x0000000010000000 0x0000000001000000
mprj             0x0000000030000000 0x0000000000100000
mprjram          0x0000000038000000 0x0000000000400000
hk               0x0000000026000000 0x0000000000100000
csr              0x00000000f0000000 0x0000000000010000
*default*        0x0000000000000000 0xffffffffffffffff

Linker script and memory map

                0x0000000000000000                __DYNAMIC = 0x0

.text           0x0000000010000000      0x780
                0x0000000010000000                _ftext = .
 *crt0*(.text)
 .text          0x0000000010000000      0x144 counter_la_qs.elf-crt0_vex.o
                0x0000000010000000                _start
                0x0000000010000020                trap_entry
 *crt0*(.text)
 *(.text.isr)
                0x0000000010000144                _etext = .
 .text          0x0000000010000144       0x8c counter_la_qs.elf-isr.o
                0x00000000100001a4                isr
 .text          0x00000000100001d0        0x0 counter_la_qs.elf-qsort.o
 .text          0x00000000100001d0      0x5b0 counter_la_qs.elf-counter_la_qs.o
                0x0000000010000208                putchar
                0x0000000010000270                print
                0x00000000100002c4                main

.rela.dyn       0x0000000010000780        0x0
 .rela.text     0x0000000010000780        0x0 counter_la_qs.elf-crt0_vex.o

.rodata         0x0000000010000780        0x0
                0x0000000010000780                . = ALIGN (0x8)
 *fill*         0x0000000010000780        0x0 
                0x0000000010000780                _frodata = .
 *(.rodata .rodata.* .gnu.linkonce.r.*)
 *(.rodata1)
                0x0000000010000780                . = ALIGN (0x8)
                0x0000000010000780                _erodata = .

.data           0x0000000000000000       0x28 load address 0x0000000010000780
                0x0000000000000000                . = ALIGN (0x8)
                0x0000000000000000                _fdata = .
 *(.data .data.* .gnu.linkonce.d.*)
 .data          0x0000000000000000        0x0 counter_la_qs.elf-crt0_vex.o
 .data          0x0000000000000000        0x0 counter_la_qs.elf-isr.o
 .data          0x0000000000000000       0x28 counter_la_qs.elf-qsort.o
                0x0000000000000000                Target_array
 .data          0x0000000000000028        0x0 counter_la_qs.elf-counter_la_qs.o
 *(.data1)
                0x0000000000000030                _gp = ALIGN (0x10)
 *(.sdata .sdata.* .gnu.linkonce.s.*)
                0x0000000000000028                . = ALIGN (0x8)
                0x0000000000000028                _edata = .

.bss            0x0000000000000028        0x0 load address 0x00000000100007a8
                0x0000000000000028                . = ALIGN (0x8)
                0x0000000000000028                _fbss = .
 *(.dynsbss)
 *(.sbss .sbss.* .gnu.linkonce.sb.*)
 *(.scommon)
 *(.dynbss)
 *(.bss .bss.* .gnu.linkonce.b.*)
 .bss           0x0000000000000028        0x0 counter_la_qs.elf-crt0_vex.o
 .bss           0x0000000000000028        0x0 counter_la_qs.elf-isr.o
 .bss           0x0000000000000028        0x0 counter_la_qs.elf-qsort.o
 .bss           0x0000000000000028        0x0 counter_la_qs.elf-counter_la_qs.o
 *(COMMON)
                0x0000000000000028                . = ALIGN (0x8)
                0x0000000000000028                _ebss = .
                0x0000000000000028                _end = .

.mprjram        0x0000000038000000      0x228 load address 0x00000000100007a8
                0x0000000038000000                . = ALIGN (0x8)
                0x0000000038000000                _fsram = .
 *libgcc.a:*(.text .text.*)
 .mprjram       0x0000000038000000      0x228 counter_la_qs.elf-qsort.o
                0x0000000038000000                partition
                0x0000000038000184                sort
                0x00000000380001f4                qsort
                0x0000000000000600                PROVIDE (_fstack = (ORIGIN (dff2) + LENGTH (dff2)))
                0x0000000010000780                PROVIDE (_fdata_rom = LOADADDR (.data))
                [!provide]                        PROVIDE (_edata_rom = (LOADADDR (.data) + SIZEOF (.data)))
                0x0000000038000228                PROVIDE (_esram = (ORIGIN (mprjram) + SIZEOF (.mprjram)))
                0x00000000100007a8                PROVIDE (_esram_rom = LOADADDR (.mprjram))
LOAD counter_la_qs.elf-crt0_vex.o
LOAD counter_la_qs.elf-isr.o
LOAD counter_la_qs.elf-qsort.o
LOAD counter_la_qs.elf-counter_la_qs.o
LOAD /opt/riscv/lib/gcc/riscv32-unknown-elf/12.1.0/libgcc.a
START GROUP
LOAD /opt/riscv/lib/gcc/riscv32-unknown-elf/12.1.0/../../../../riscv32-unknown-elf/lib/libc.a
LOAD /opt/riscv/lib/gcc/riscv32-unknown-elf/12.1.0/../../../../riscv32-unknown-elf/lib/libgloss.a
END GROUP
LOAD /opt/riscv/lib/gcc/riscv32-unknown-elf/12.1.0/libgcc.a
OUTPUT(counter_la_qs.elf elf32-littleriscv)

.riscv.attributes
                0x0000000000000000       0x20
 .riscv.attributes
                0x0000000000000000       0x1e counter_la_qs.elf-crt0_vex.o
 .riscv.attributes
                0x000000000000001e       0x20 counter_la_qs.elf-isr.o
 .riscv.attributes
                0x000000000000003e       0x1c counter_la_qs.elf-qsort.o
 .riscv.attributes
                0x000000000000005a       0x1c counter_la_qs.elf-counter_la_qs.o

.comment        0x0000000000000000       0x1b
 .comment       0x0000000000000000       0x1b counter_la_qs.elf-isr.o
                                         0x1c (size before relaxing)
 .comment       0x000000000000001b       0x1c counter_la_qs.elf-qsort.o
 .comment       0x000000000000001b       0x1c counter_la_qs.elf-counter_la_qs.o

.debug_line     0x0000000000000000      0x9c4
 .debug_line    0x0000000000000000      0x204 counter_la_qs.elf-crt0_vex.o
 .debug_line    0x0000000000000204       0x9e counter_la_qs.elf-isr.o
 .debug_line    0x00000000000002a2      0x163 counter_la_qs.elf-qsort.o
 .debug_line    0x0000000000000405      0x5bf counter_la_qs.elf-counter_la_qs.o

.debug_line_str
                0x0000000000000000      0x10e
 .debug_line_str
                0x0000000000000000       0x7c counter_la_qs.elf-crt0_vex.o
 .debug_line_str
                0x000000000000007c       0x28 counter_la_qs.elf-isr.o
                                        0x107 (size before relaxing)
 .debug_line_str
                0x00000000000000a4       0x10 counter_la_qs.elf-qsort.o
                                         0xe4 (size before relaxing)
 .debug_line_str
                0x00000000000000b4       0x5a counter_la_qs.elf-counter_la_qs.o
                                        0x156 (size before relaxing)

.debug_info     0x0000000000000000      0x33c
 .debug_info    0x0000000000000000       0x25 counter_la_qs.elf-crt0_vex.o
 .debug_info    0x0000000000000025       0xc5 counter_la_qs.elf-isr.o
 .debug_info    0x00000000000000ea      0x11f counter_la_qs.elf-qsort.o
 .debug_info    0x0000000000000209      0x133 counter_la_qs.elf-counter_la_qs.o

.debug_abbrev   0x0000000000000000      0x266
 .debug_abbrev  0x0000000000000000       0x14 counter_la_qs.elf-crt0_vex.o
 .debug_abbrev  0x0000000000000014       0x86 counter_la_qs.elf-isr.o
 .debug_abbrev  0x000000000000009a       0xe7 counter_la_qs.elf-qsort.o
 .debug_abbrev  0x0000000000000181       0xe5 counter_la_qs.elf-counter_la_qs.o

.debug_aranges  0x0000000000000000       0x90
 .debug_aranges
                0x0000000000000000       0x20 counter_la_qs.elf-crt0_vex.o
 .debug_aranges
                0x0000000000000020       0x20 counter_la_qs.elf-isr.o
 .debug_aranges
                0x0000000000000040       0x30 counter_la_qs.elf-qsort.o
 .debug_aranges
                0x0000000000000070       0x20 counter_la_qs.elf-counter_la_qs.o

.debug_str      0x0000000000000000      0x1a1
 .debug_str     0x0000000000000000       0x88 counter_la_qs.elf-crt0_vex.o
 .debug_str     0x0000000000000088       0xd5 counter_la_qs.elf-isr.o
                                        0x10e (size before relaxing)
 .debug_str     0x000000000000015d       0x28 counter_la_qs.elf-qsort.o
                                         0x91 (size before relaxing)
 .debug_str     0x0000000000000185       0x1c counter_la_qs.elf-counter_la_qs.o
                                        0x124 (size before relaxing)

.debug_frame    0x0000000000000000      0x1f8
 .debug_frame   0x0000000000000000       0xa4 counter_la_qs.elf-isr.o
 .debug_frame   0x00000000000000a4       0x84 counter_la_qs.elf-qsort.o
 .debug_frame   0x0000000000000128       0xd0 counter_la_qs.elf-counter_la_qs.o

.debug_rnglists
                0x0000000000000000       0x28
 .debug_rnglists
                0x0000000000000000       0x28 counter_la_qs.elf-qsort.o
