
Memory Configuration

Name             Origin             Length             Attributes
vexriscv_debug   0x00000000f00f0000 0x0000000000000100
dff              0x0000000000000000 0x0000000000000400
dff2             0x0000000000000400 0x0000000000000200
flash            0x0000000010000000 0x0000000001000000
mprj             0x0000000030000000 0x0000000000100000
mprjram          0x0000000038000000 0x0000000000000200
mprj_user_data   0x0000000038000200 0x0000000000000200
hk               0x0000000026000000 0x0000000000100000
csr              0x00000000f0000000 0x0000000000010000
*default*        0x0000000000000000 0xffffffffffffffff

Linker script and memory map

                0x0000000000000000                __DYNAMIC = 0x0

.text           0x0000000010000000      0x160
                0x0000000010000000                _ftext = .
 *crt0*(.text)
 .text          0x0000000010000000      0x154 counter_la_final.elf-crt0_vex.o
                0x0000000010000000                _start
                0x0000000010000020                trap_entry
 *crt0*(.text)
 *(.text.isr)
                0x0000000010000154                _etext = .
 .text          0x0000000010000154        0xc counter_la_final.elf-isr.o
                0x0000000010000154                isr
 .text          0x0000000010000160        0x0 counter_la_final.elf-qsort.o
 .text          0x0000000010000160        0x0 counter_la_final.elf-counter_la_final.o

.text.startup   0x0000000010000160      0x1c0
 .text.startup  0x0000000010000160      0x1c0 counter_la_final.elf-counter_la_final.o
                0x0000000010000160                main

.rela.dyn       0x0000000010000320        0x0
 .rela.text     0x0000000010000320        0x0 counter_la_final.elf-crt0_vex.o

.rodata         0x0000000010000320        0x0
                0x0000000010000320                . = ALIGN (0x8)
 *fill*         0x0000000010000320        0x0 
                0x0000000010000320                _frodata = .
 *(.rodata .rodata.* .gnu.linkonce.r.*)
 *(.rodata1)
                0x0000000010000320                . = ALIGN (0x8)
                0x0000000010000320                _erodata = .

.data           0x0000000038000200       0xd8 load address 0x0000000010000320
                0x0000000038000200                . = ALIGN (0x8)
                0x0000000038000200                _fdata = .
 *(.data .data.* .gnu.linkonce.d.*)
 .data          0x0000000038000200        0x0 counter_la_final.elf-crt0_vex.o
 .data          0x0000000038000200        0x0 counter_la_final.elf-isr.o
 .data          0x0000000038000200       0xd4 counter_la_final.elf-qsort.o
                0x0000000038000200                Target_array
                0x0000000038000228                taps
                0x0000000038000254                B
                0x0000000038000294                A
 .data          0x00000000380002d4        0x0 counter_la_final.elf-counter_la_final.o
 *(.data1)
                0x00000000380002e0                _gp = ALIGN (0x10)
 *(.sdata .sdata.* .gnu.linkonce.s.*)
                0x00000000380002d8                . = ALIGN (0x8)
 *fill*         0x00000000380002d4        0x4 
                0x00000000380002d8                _edata = .

.bss            0x00000000380002d8      0x100 load address 0x00000000100003f8
                0x00000000380002d8                . = ALIGN (0x8)
                0x00000000380002d8                _fbss = .
 *(.dynsbss)
 *(.sbss .sbss.* .gnu.linkonce.sb.*)
 *(.scommon)
 *(.dynbss)
 *(.bss .bss.* .gnu.linkonce.b.*)
 .bss           0x00000000380002d8        0x0 counter_la_final.elf-crt0_vex.o
 .bss           0x00000000380002d8        0x0 counter_la_final.elf-isr.o
 .bss           0x00000000380002d8      0x100 counter_la_final.elf-qsort.o
                0x00000000380002d8                x
 .bss           0x00000000380003d8        0x0 counter_la_final.elf-counter_la_final.o
 *(COMMON)
                0x00000000380003d8                . = ALIGN (0x8)
                0x00000000380003d8                _ebss = .
                0x00000000380003d8                _end = .

.mprjram        0x0000000038000000      0x198 load address 0x00000000100003f8
                0x0000000038000000                . = ALIGN (0x8)
                0x0000000038000000                _fsram = .
 *libgcc.a:*(.text .text.*)
 .mprjram       0x0000000038000000      0x198 counter_la_final.elf-qsort.o
                0x0000000038000000                partition
                0x0000000038000074                sort
                0x00000000380000d0                qsort
                0x00000000380000f8                initfir
                0x000000003800011c                hardware_accelerator_initialization
                0x000000003800018c                hardware_accelerator_check_result
                0x0000000000000600                PROVIDE (_fstack = (ORIGIN (dff2) + LENGTH (dff2)))
                0x0000000010000320                PROVIDE (_fdata_rom = LOADADDR (.data))
                [!provide]                        PROVIDE (_edata_rom = (LOADADDR (.data) + SIZEOF (.data)))
                0x0000000038000198                PROVIDE (_esram = (ORIGIN (mprjram) + SIZEOF (.mprjram)))
                0x00000000100003f8                PROVIDE (_esram_rom = LOADADDR (.mprjram))
LOAD counter_la_final.elf-crt0_vex.o
LOAD counter_la_final.elf-isr.o
LOAD counter_la_final.elf-qsort.o
LOAD counter_la_final.elf-counter_la_final.o
LOAD /opt/riscv/lib/gcc/riscv32-unknown-elf/12.1.0/libgcc.a
START GROUP
LOAD /opt/riscv/lib/gcc/riscv32-unknown-elf/12.1.0/../../../../riscv32-unknown-elf/lib/libc.a
LOAD /opt/riscv/lib/gcc/riscv32-unknown-elf/12.1.0/../../../../riscv32-unknown-elf/lib/libgloss.a
END GROUP
LOAD /opt/riscv/lib/gcc/riscv32-unknown-elf/12.1.0/libgcc.a
OUTPUT(counter_la_final.elf elf32-littleriscv)

.riscv.attributes
                0x0000000000000000       0x20
 .riscv.attributes
                0x0000000000000000       0x1e counter_la_final.elf-crt0_vex.o
 .riscv.attributes
                0x000000000000001e       0x20 counter_la_final.elf-isr.o
 .riscv.attributes
                0x000000000000003e       0x1c counter_la_final.elf-qsort.o
 .riscv.attributes
                0x000000000000005a       0x1c counter_la_final.elf-counter_la_final.o

.comment        0x0000000000000000       0x1b
 .comment       0x0000000000000000       0x1b counter_la_final.elf-isr.o
                                         0x1c (size before relaxing)
 .comment       0x000000000000001b       0x1c counter_la_final.elf-qsort.o
 .comment       0x000000000000001b       0x1c counter_la_final.elf-counter_la_final.o

.debug_line     0x0000000000000000      0xb70
 .debug_line    0x0000000000000000      0x204 counter_la_final.elf-crt0_vex.o
 .debug_line    0x0000000000000204       0x76 counter_la_final.elf-isr.o
 .debug_line    0x000000000000027a      0x3aa counter_la_final.elf-qsort.o
 .debug_line    0x0000000000000624      0x54c counter_la_final.elf-counter_la_final.o

.debug_line_str
                0x0000000000000000      0x100
 .debug_line_str
                0x0000000000000000       0x6c counter_la_final.elf-crt0_vex.o
 .debug_line_str
                0x000000000000006c       0x1f counter_la_final.elf-isr.o
                                         0xde (size before relaxing)
 .debug_line_str
                0x000000000000008b       0x1f counter_la_final.elf-qsort.o
                                         0xd3 (size before relaxing)
 .debug_line_str
                0x00000000000000aa       0x56 counter_la_final.elf-counter_la_final.o
                                        0x120 (size before relaxing)

.debug_info     0x0000000000000000      0x459
 .debug_info    0x0000000000000000       0x25 counter_la_final.elf-crt0_vex.o
 .debug_info    0x0000000000000025       0xb4 counter_la_final.elf-isr.o
 .debug_info    0x00000000000000d9      0x293 counter_la_final.elf-qsort.o
 .debug_info    0x000000000000036c       0xed counter_la_final.elf-counter_la_final.o

.debug_abbrev   0x0000000000000000      0x29b
 .debug_abbrev  0x0000000000000000       0x14 counter_la_final.elf-crt0_vex.o
 .debug_abbrev  0x0000000000000014       0x7f counter_la_final.elf-isr.o
 .debug_abbrev  0x0000000000000093      0x179 counter_la_final.elf-qsort.o
 .debug_abbrev  0x000000000000020c       0x8f counter_la_final.elf-counter_la_final.o

.debug_aranges  0x0000000000000000       0xa8
 .debug_aranges
                0x0000000000000000       0x20 counter_la_final.elf-crt0_vex.o
 .debug_aranges
                0x0000000000000020       0x20 counter_la_final.elf-isr.o
 .debug_aranges
                0x0000000000000040       0x48 counter_la_final.elf-qsort.o
 .debug_aranges
                0x0000000000000088       0x20 counter_la_final.elf-counter_la_final.o

.debug_str      0x0000000000000000      0x1c7
 .debug_str     0x0000000000000000       0x78 counter_la_final.elf-crt0_vex.o
 .debug_str     0x0000000000000078       0xb7 counter_la_final.elf-isr.o
                                         0xf0 (size before relaxing)
 .debug_str     0x000000000000012f       0x8a counter_la_final.elf-qsort.o
                                        0x16e (size before relaxing)
 .debug_str     0x00000000000001b9        0xe counter_la_final.elf-counter_la_final.o
                                        0x139 (size before relaxing)

.debug_loclists
                0x0000000000000000      0x172
 .debug_loclists
                0x0000000000000000       0x19 counter_la_final.elf-isr.o
 .debug_loclists
                0x0000000000000019      0x136 counter_la_final.elf-qsort.o
 .debug_loclists
                0x000000000000014f       0x23 counter_la_final.elf-counter_la_final.o

.debug_frame    0x0000000000000000       0xf4
 .debug_frame   0x0000000000000000       0x20 counter_la_final.elf-isr.o
 .debug_frame   0x0000000000000020       0xa0 counter_la_final.elf-qsort.o
 .debug_frame   0x00000000000000c0       0x34 counter_la_final.elf-counter_la_final.o

.debug_rnglists
                0x0000000000000000       0x59
 .debug_rnglists
                0x0000000000000000       0x43 counter_la_final.elf-qsort.o
 .debug_rnglists
                0x0000000000000043       0x16 counter_la_final.elf-counter_la_final.o
